{
  "INJ": [
    [
      2500.0,
      2500.0,
      2500.0,
      2499.95,
      2499.9
    ],
    [
      2500.0,
      2500.0,
      2500.0,
      2500.0,
      2500.0
    ],
    [
      0.0,
      50.0,
      8325.0,
      8375.0,
      8425.0
    ]
  ],
  "PROD": [
    [
      7500.0,
      7500.0,
      7500.0,
      7500.05,
      7500.1
    ],
    [
      7500.0,
      7500.0,
      7500.0,
      7500.0,
      7500.0
    ],
    [
      0.0,
      50.0,
      8325.0,
      8375.0,
      8425.0
    ]
  ]
}