{
  "INJ": {
    "1": [
      [
        2499.98,
        1499.99,
        500.0
      ],
      [
        2500.0,
        2500.0,
        2500.0
      ],
      [
        8350.0,
        8350.0,
        8350.0
      ]
    ],
    "2": [
      [
        2499.95,
        2499.975,
        2500.0
      ],
      [
        2500.0,
        6000.0,
        9500.0
      ],
      [
        8375.0,
        8375.0,
        8375.0
      ]
    ]
  },
  "PROD": {
    "2": [
      [
        7500.0,
        8750.0,
        10000.0
      ],
      [
        7500.0,
        8750.0,
        10000.0
      ],
      [
        8325.0,
        8375.0,
        8425.0
      ]
    ]
  }
}