{
  "INJ": {
    "1": 8350.0,
    "2": 8375.0
  },
  "PROD": {
    "2": 8325.0
  }
}