{
  "OP_4": [
    [
      461335.48,
      461335.48,
      461424.639,
      461365.236,
      461305.833
    ],
    [
      5933608.04,
      5933608.04,
      5933492.864,
      5933594.521,
      5933696.177
    ],
    [
      0.0,
      200.0,
      1628.374,
      1641.089,
      1653.804
    ]
  ],
  "WI_1": [
    [
      461350.5,
      461350.5,
      461456.096,
      461396.692,
      461337.289
    ],
    [
      5931800.71,
      5931800.71,
      5931874.82,
      5931976.475,
      5932078.13
    ],
    [
      0.0,
      200.0,
      1675.439,
      1702.195,
      1728.951
    ]
  ]
}